// Jest Snapshot v1, https://goo.gl/fbAQLP

exports[`Header Component renders correctly 1`] = `
<DocumentFragment>
  <header
    class="bg-gray-700 flex items-center justify-between w-screen h-16 border-b-2 border-gray-200"
  >
    <h1
      class="text-gray-200 text-xl sm:text-2xl font-bold m-2"
    >
      Some Message App
    </h1>
    <p
      class="text-gray-200 px-4"
    >
      Loading...
    </p>
  </header>
</DocumentFragment>
`;
